{
    "Test - nft-nifti - precision 2": {
        "content": [
            "output.nii.gz:md5:header,a1d6f9fc0fa0c648e2b761a807007a61,data,505e762062a1916f7c405c913c938585"
        ],
        "meta": {
            "nf-test": "0.9.0",
            "nextflow": "23.10.1"
        },
        "timestamp": "2024-08-30T12:08:01.055498814"
    },
    "Test - nft-nifti - precision 8": {
        "content": [
            "output.nii.gz:md5:header,a1d6f9fc0fa0c648e2b761a807007a61,data,6529e4a8556b1800e6da5f973868c447"
        ],
        "meta": {
            "nf-test": "0.9.0",
            "nextflow": "23.10.1"
        },
        "timestamp": "2024-08-30T12:08:12.521603918"
    },
    "Test - nft-nifti - precision default": {
        "content": [
            "output.nii.gz:md5:header,a1d6f9fc0fa0c648e2b761a807007a61,data,6529e4a8556b1800e6da5f973868c447"
        ],
        "meta": {
            "nf-test": "0.9.0",
            "nextflow": "23.10.1"
        },
        "timestamp": "2024-08-30T12:08:06.432466035"
    }
}